dn-dom@dndom-desktop:~$ cd ~/Downloads/
dn-dom@dndom-desktop:~/Downloads$ ls
atom-amd64.deb
CudaNeuralNetworks
cuda-repo-ubuntu1604-8-0-local-ga2_8.0.61-1_amd64.deb
cudnn
DiffPlugInstallerExtracted
DiffPlugInstaller_linux_x64_1.6.1.sh
libcudnn6_6.0.20-1+cuda8.0_amd64.deb
Miniconda2-latest-Linux-x86_64.sh
neural-networks-and-deep-learning
NVIDIA_CUDA-8.0_Samples
NVIDIA-Linux-x86_64-378.13.run
py-cnn
dn-dom@dndom-desktop:~/Downloads$ cd neural-networks-and-deep-learning/
dn-dom@dndom-desktop:~/Downloads/neural-networks-and-deep-learning$ ls
data                 fig                      README.md         src
dennis-running-info  need2move.no.underlines  requirements.txt
dn-dom@dndom-desktop:~/Downloads/neural-networks-and-deep-learning$ cd src
dn-dom@dndom-desktop:~/Downloads/neural-networks-and-deep-learning/src$ THEANO_FLAGS=device=cuda0 python dennis-test-theano.py
Can not use cuDNN on context None: cannot compile with cuDNN. We got this error:
In file included from /tmp/try_flags_Ntx82H.c:4:0:
/usr/include/cudnn.h:63:26: fatal error: driver_types.h: No such file or directory
compilation terminated.

Mapped name None to device cuda0: Graphics Device (0000:01:00.0)
[GpuElemwise{exp,no_inplace}(<GpuArrayType<None>(float64, (False,))>), HostFromGpu(gpuarray)(GpuElemwise{exp,no_inplace}.0)]
Looping 1000 times took 0.584492 seconds
Result is [ 1.23178032  1.61879341  1.52278065 ...,  2.20771815  2.29967753
  1.62323285]
Used the gpu
dn-dom@dndom-desktop:~/Downloads/neural-networks-and-deep-learning/src$ THEANO_FLAGS=device=cpu python dennis-test-theano.py
[Elemwise{exp,no_inplace}(<TensorType(float64, vector)>)]
Looping 1000 times took 4.757267 seconds
Result is [ 1.23178032  1.61879341  1.52278065 ...,  2.20771815  2.29967753
  1.62323285]
Used the cpu
dn-dom@dndom-desktop:~/Downloads/neural-networks-and-deep-learning/src$ THEANO_FLAGS=device=cpu python dennis-test-theano.py
[Elemwise{exp,no_inplace}(<TensorType(float64, vector)>)]
Looping 1000 times took 4.733910 seconds
Result is [ 1.23178032  1.61879341  1.52278065 ...,  2.20771815  2.29967753
  1.62323285]
Used the cpu
dn-dom@dndom-desktop:~/Downloads/neural-networks-and-deep-learning/src$ THEANO_FLAGS=device=cuda0 python dennis-test-theano.py
Can not use cuDNN on context None: cannot compile with cuDNN. We got this error:
In file included from /tmp/try_flags_JZxoax.c:4:0:
/usr/include/cudnn.h:63:26: fatal error: driver_types.h: No such file or directory
compilation terminated.

Mapped name None to device cuda0: Graphics Device (0000:01:00.0)
[GpuElemwise{exp,no_inplace}(<GpuArrayType<None>(float64, (False,))>), HostFromGpu(gpuarray)(GpuElemwise{exp,no_inplace}.0)]
Looping 1000 times took 0.584028 seconds
Result is [ 1.23178032  1.61879341  1.52278065 ...,  2.20771815  2.29967753
  1.62323285]
Used the gpu
dn-dom@dndom-desktop:~/Downloads/neural-networks-and-deep-learning/src$ THEANO_FLAGS=device=cuda0 python dennis-test-theano.py
^[[ACan not use cuDNN on context None: cannot compile with cuDNN. We got this error:
In file included from /tmp/try_flags_cmuEXy.c:4:0:
/usr/include/cudnn.h:63:26: fatal error: driver_types.h: No such file or directory
compilation terminated.


^[[AMapped name None to device cuda0: Graphics Device (0000:01:00.0)
[GpuElemwise{exp,no_inplace}(<GpuArrayType<None>(float64, (False,))>), HostFromGpu(gpuarray)(GpuElemwise{exp,no_inplace}.0)]
Looping 1000 times took 0.636638 seconds
Result is [ 1.23178032  1.61879341  1.52278065 ...,  2.20771815  2.29967753
  1.62323285]
Used the gpu
dn-dom@dndom-desktop:~/Downloads/neural-networks-and-deep-learning/src$ THEANO_FLAGS=device=cuda0 python dennis-test-theano.py
Can not use cuDNN on context None: cannot compile with cuDNN. We got this error:
In file included from /tmp/try_flags_7KcfxR.c:4:0:
/usr/include/cudnn.h:63:26: fatal error: driver_types.h: No such file or directory
compilation terminated.

Mapped name None to device cuda0: Graphics Device (0000:01:00.0)
[GpuElemwise{exp,no_inplace}(<GpuArrayType<None>(float64, (False,))>), HostFromGpu(gpuarray)(GpuElemwise{exp,no_inplace}.0)]
Looping 1000 times took 0.585783 seconds
Result is [ 1.23178032  1.61879341  1.52278065 ...,  2.20771815  2.29967753
  1.62323285]
Used the gpu
dn-dom@dndom-desktop:~/Downloads/neural-networks-and-deep-learning/src$ THEANO_FLAGS=device=cuda0 python dennis-test-theano.py
Can not use cuDNN on context None: cannot compile with cuDNN. We got this error:
In file included from /tmp/try_flags_YHWPrp.c:4:0:
/usr/include/cudnn.h:63:26: fatal error: driver_types.h: No such file or directory
compilation terminated.

Mapped name None to device cuda0: Graphics Device (0000:01:00.0)
[GpuElemwise{exp,no_inplace}(<GpuArrayType<None>(float64, (False,))>), HostFromGpu(gpuarray)(GpuElemwise{exp,no_inplace}.0)]
Looping 1000 times took 0.576513 seconds
Result is [ 1.23178032  1.61879341  1.52278065 ...,  2.20771815  2.29967753
  1.62323285]
Used the gpu
dn-dom@dndom-desktop:~/Downloads/neural-networks-and-deep-learning/src$ THEANO_FLAGS=device=cuda0 python dennis-test-theano.py
Can not use cuDNN on context None: cannot compile with cuDNN. We got this error:
In file included from /tmp/try_flags_L5wJjB.c:4:0:
/usr/include/cudnn.h:63:26: fatal error: driver_types.h: No such file or directory
compilation terminated.

Mapped name None to device cuda0: Graphics Device (0000:01:00.0)
[GpuElemwise{exp,no_inplace}(<GpuArrayType<None>(float64, (False,))>), HostFromGpu(gpuarray)(GpuElemwise{exp,no_inplace}.0)]
Looping 1000 times took 0.581177 seconds
Result is [ 1.23178032  1.61879341  1.52278065 ...,  2.20771815  2.29967753
  1.62323285]
Used the gpu
dn-dom@dndom-desktop:~/Downloads/neural-networks-and-deep-learning/src$ THEANO_FLAGS=device=cuda0 python dennis-test-theano.py
Can not use cuDNN on context None: cannot compile with cuDNN. We got this error:
In file included from /tmp/try_flags_xe4uOv.c:4:0:
/usr/include/cudnn.h:63:26: fatal error: driver_types.h: No such file or directory
compilation terminated.

Mapped name None to device cuda0: Graphics Device (0000:01:00.0)
[GpuElemwise{exp,no_inplace}(<GpuArrayType<None>(float64, (False,))>), HostFromGpu(gpuarray)(GpuElemwise{exp,no_inplace}.0)]
Looping 1000 times took 0.592799 seconds
Result is [ 1.23178032  1.61879341  1.52278065 ...,  2.20771815  2.29967753
  1.62323285]
Used the gpu
dn-dom@dndom-desktop:~/Downloads/neural-networks-and-deep-learning/src$ THEANO_FLAGS=device=cuda0 python dennis-test-theano.py
Can not use cuDNN on context None: cannot compile with cuDNN. We got this error:
In file included from /tmp/try_flags_jVrOBc.c:4:0:
/usr/include/cudnn.h:63:26: fatal error: driver_types.h: No such file or directory
compilation terminated.

Mapped name None to device cuda0: Graphics Device (0000:01:00.0)
[GpuElemwise{exp,no_inplace}(<GpuArrayType<None>(float64, (False,))>), HostFromGpu(gpuarray)(GpuElemwise{exp,no_inplace}.0)]
Looping 1000 times took 0.593555 seconds
Result is [ 1.23178032  1.61879341  1.52278065 ...,  2.20771815  2.29967753
  1.62323285]
Used the gpu
dn-dom@dndom-desktop:~/Downloads/neural-networks-and-deep-learning/src$ THEANO_FLAGS=device=cuda0 python dennis-test-theano.py
Can not use cuDNN on context None: cannot compile with cuDNN. We got this error:
In file included from /tmp/try_flags_XHY2dU.c:4:0:
/usr/include/cudnn.h:63:26: fatal error: driver_types.h: No such file or directory
compilation terminated.

Mapped name None to device cuda0: Graphics Device (0000:01:00.0)
[GpuElemwise{exp,no_inplace}(<GpuArrayType<None>(float64, (False,))>), HostFromGpu(gpuarray)(GpuElemwise{exp,no_inplace}.0)]
Looping 1000 times took 0.587947 seconds
Result is [ 1.23178032  1.61879341  1.52278065 ...,  2.20771815  2.29967753
  1.62323285]
Used the gpu
dn-dom@dndom-desktop:~/Downloads/neural-networks-and-deep-learning/src$ ^C
dn-dom@dndom-desktop:~/Downloads/neural-networks-and-deep-learning/src$


dn-dom@dndom-desktop:~/Downloads/neural-networks-and-deep-learning/src$ nvidia-smi -h
NVIDIA System Management Interface -- v375.39

NVSMI provides monitoring information for Tesla and select Quadro devices.
The data is presented in either a plain text or an XML format, via stdout or a file.
NVSMI also provides several management operations for changing the device state.

Note that the functionality of NVSMI is exposed through the NVML C-based
library. See the NVIDIA developer website for more information about NVML.
Python wrappers to NVML are also available.  The output of NVSMI is
not guaranteed to be backwards compatible; NVML and the bindings are backwards
compatible.

http://developer.nvidia.com/nvidia-management-library-nvml/
http://pypi.python.org/pypi/nvidia-ml-py/
Supported products:
- Full Support
    - All Tesla products, starting with the Fermi architecture
    - All Quadro products, starting with the Fermi architecture
    - All GRID products, starting with the Kepler architecture
    - GeForce Titan products, starting with the Kepler architecture
- Limited Support
    - All Geforce products, starting with the Fermi architecture
nvidia-smi [OPTION1 [ARG1]] [OPTION2 [ARG2]] ...

    -h,   --help                Print usage information and exit.

  LIST OPTIONS:

    -L,   --list-gpus           Display a list of GPUs connected to the system.

  SUMMARY OPTIONS:

    <no arguments>              Show a summary of GPUs connected to the system.

    [plus any of]

    -i,   --id=                 Target a specific GPU.
    -f,   --filename=           Log to a specified file, rather than to stdout.
    -l,   --loop=               Probe until Ctrl+C at specified second interval.

  QUERY OPTIONS:

    -q,   --query               Display GPU or Unit info.

    [plus any of]

    -u,   --unit                Show unit, rather than GPU, attributes.
    -i,   --id=                 Target a specific GPU or Unit.
    -f,   --filename=           Log to a specified file, rather than to stdout.
    -x,   --xml-format          Produce XML output.
          --dtd                 When showing xml output, embed DTD.
    -d,   --display=            Display only selected information: MEMORY,
                                    UTILIZATION, ECC, TEMPERATURE, POWER, CLOCK,
                                    COMPUTE, PIDS, PERFORMANCE, SUPPORTED_CLOCKS,
                                    PAGE_RETIREMENT, ACCOUNTING.
                                Flags can be combined with comma e.g. ECC,POWER.
                                Sampling data with max/min/avg is also returned
                                for POWER, UTILIZATION and CLOCK display types.
                                Doesn't work with -u or -x flags.
    -l,   --loop=               Probe until Ctrl+C at specified second interval.

    -lms, --loop-ms=            Probe until Ctrl+C at specified millisecond interval.

  SELECTIVE QUERY OPTIONS:

    Allows the caller to pass an explicit list of properties to query.

    [one of]

    --query-gpu=                Information about GPU.
                                Call --help-query-gpu for more info.
    --query-supported-clocks=   List of supported clocks.
                                Call --help-query-supported-clocks for more info.
    --query-compute-apps=       List of currently active compute processes.
                                Call --help-query-compute-apps for more info.
    --query-accounted-apps=     List of accounted compute processes.
                                Call --help-query-accounted-apps for more info.
    --query-retired-pages=      List of device memory pages that have been retired.
                                Call --help-query-retired-pages for more info.

    [mandatory]

    --format=                   Comma separated list of format options:
                                  csv - comma separated values (MANDATORY)
                                  noheader - skip the first line with column headers
                                  nounits - don't print units for numerical
                                             values

    [plus any of]

    -i,   --id=                 Target a specific GPU or Unit.
    -f,   --filename=           Log to a specified file, rather than to stdout.
    -l,   --loop=               Probe until Ctrl+C at specified second interval.
    -lms, --loop-ms=            Probe until Ctrl+C at specified millisecond interval.

  DEVICE MODIFICATION OPTIONS:

    [any one of]

    -pm,  --persistence-mode=   Set persistence mode: 0/DISABLED, 1/ENABLED
    -e,   --ecc-config=         Toggle ECC support: 0/DISABLED, 1/ENABLED
    -p,   --reset-ecc-errors=   Reset ECC error counts: 0/VOLATILE, 1/AGGREGATE
    -c,   --compute-mode=       Set MODE for compute applications:
                                0/DEFAULT, 1/EXCLUSIVE_PROCESS,
                                2/PROHIBITED
          --gom=                Set GPU Operation Mode:
                                    0/ALL_ON, 1/COMPUTE, 2/LOW_DP
    -r    --gpu-reset           Trigger reset of the GPU.
                                Can be used to reset the GPU HW state in situations
                                that would otherwise require a machine reboot.
                                Typically useful if a double bit ECC error has
                                occurred.
                                Reset operations are not guarenteed to work in
                                all cases and should be used with caution.
                                --id= switch is mandatory for this switch
    -vm   --virt-mode=          Switch GPU Virtualization Mode:
                                Sets GPU virtualization mode to 3/VGPU or 4/VSGA
                                Virtualization mode of a GPU can only be set when
                                it is running on a hypervisor.
    -ac   --applications-clocks= Specifies <memory,graphics> clocks as a
                                    pair (e.g. 2000,800) that defines GPU's
                                    speed in MHz while running applications on a GPU.
    -rac  --reset-applications-clocks
                                Resets the applications clocks to the default values.
    -acp  --applications-clocks-permission=
                                Toggles permission requirements for -ac and -rac commands:
                                0/UNRESTRICTED, 1/RESTRICTED
    -pl   --power-limit=        Specifies maximum power management limit in watts.
    -am   --accounting-mode=    Enable or disable Accounting Mode: 0/DISABLED, 1/ENABLED
    -caa  --clear-accounted-apps
                                Clears all the accounted PIDs in the buffer.
          --auto-boost-default= Set the default auto boost policy to 0/DISABLED
                                or 1/ENABLED, enforcing the change only after the
                                last boost client has exited.
          --auto-boost-permission=
                                Allow non-admin/root control over auto boost mode:
                                0/UNRESTRICTED, 1/RESTRICTED
   [plus optional]

    -i,   --id=                 Target a specific GPU.

  UNIT MODIFICATION OPTIONS:

    -t,   --toggle-led=         Set Unit LED state: 0/GREEN, 1/AMBER

   [plus optional]

    -i,   --id=                 Target a specific Unit.

  SHOW DTD OPTIONS:

          --dtd                 Print device DTD and exit.

     [plus optional]

    -f,   --filename=           Log to a specified file, rather than to stdout.
    -u,   --unit                Show unit, rather than device, DTD.

    --debug=                    Log encrypted debug information to a specified file.

 STATISTICS: (EXPERIMENTAL)
    stats                       Displays device statistics. "nvidia-smi stats -h" for more information.

 Device Monitoring:
    dmon                        Displays device stats in scrolling format.
                                "nvidia-smi dmon -h" for more information.

    daemon                      Runs in background and monitor devices as a daemon process.
                                This is an experimental feature.
                                "nvidia-smi daemon -h" for more information.

    replay                      Used to replay/extract the persistent stats generated by daemon.
                                This is an experimental feature.
                                "nvidia-smi replay -h" for more information.

 Process Monitoring:
    pmon                        Displays process stats in scrolling format.
                                "nvidia-smi pmon -h" for more information.

 TOPOLOGY:
    topo                        Displays device/system topology. "nvidia-smi topo -h" for more information.

 DRAIN STATES:
    drain                       Displays/modifies GPU drain states for power idling. "nvidia-smi drain -h" for more information.

 NVLINK:
    nvlink                      Displays device nvlink information. "nvidia-smi nvlink -h" for more information.

 CLOCKS:
    clocks                      Control and query clock information. "nvidia-smi clocks -h" for more information.

 GRID vGPU:
    vgpu                        Displays vGPU information. "nvidia-smi vgpu -h" for more information.

Please see the nvidia-smi(1) manual page for more detailed information.
dn-dom@dndom-desktop:~/Downloads/neural-networks-and-deep-learning/src$ nvidia-smi -l
Sun Apr 23 23:11:53 2017
+-----------------------------------------------------------------------------+
| NVIDIA-SMI 375.39                 Driver Version: 375.39                    |
|-------------------------------+----------------------+----------------------+
| GPU  Name        Persistence-M| Bus-Id        Disp.A | Volatile Uncorr. ECC |
| Fan  Temp  Perf  Pwr:Usage/Cap|         Memory-Usage | GPU-Util  Compute M. |
|===============================+======================+======================|
|   0  Graphics Device     Off  | 0000:01:00.0      On |                  N/A |
| 23%   37C    P8    11W / 250W |    182MiB / 11171MiB |      0%      Default |
+-------------------------------+----------------------+----------------------+

+-----------------------------------------------------------------------------+
| Processes:                                                       GPU Memory |
|  GPU       PID  Type  Process name                               Usage      |
|=============================================================================|
|    0      1034    G   /usr/lib/xorg/Xorg                             137MiB |
|    0      1470    G   compiz                                          43MiB |
+-----------------------------------------------------------------------------+
Sun Apr 23 23:11:58 2017
+-----------------------------------------------------------------------------+
| NVIDIA-SMI 375.39                 Driver Version: 375.39                    |
|-------------------------------+----------------------+----------------------+
| GPU  Name        Persistence-M| Bus-Id        Disp.A | Volatile Uncorr. ECC |
| Fan  Temp  Perf  Pwr:Usage/Cap|         Memory-Usage | GPU-Util  Compute M. |
|===============================+======================+======================|
|   0  Graphics Device     Off  | 0000:01:00.0      On |                  N/A |
| 23%   37C    P8    11W / 250W |    182MiB / 11171MiB |      0%      Default |
+-------------------------------+----------------------+----------------------+

+-----------------------------------------------------------------------------+
| Processes:                                                       GPU Memory |
|  GPU       PID  Type  Process name                               Usage      |
|=============================================================================|
|    0      1034    G   /usr/lib/xorg/Xorg                             137MiB |
|    0      1470    G   compiz                                          43MiB |
+-----------------------------------------------------------------------------+
Sun Apr 23 23:12:03 2017
+-----------------------------------------------------------------------------+
| NVIDIA-SMI 375.39                 Driver Version: 375.39                    |
|-------------------------------+----------------------+----------------------+
| GPU  Name        Persistence-M| Bus-Id        Disp.A | Volatile Uncorr. ECC |
| Fan  Temp  Perf  Pwr:Usage/Cap|         Memory-Usage | GPU-Util  Compute M. |
|===============================+======================+======================|
|   0  Graphics Device     Off  | 0000:01:00.0      On |                  N/A |
| 23%   37C    P8    10W / 250W |    182MiB / 11171MiB |      0%      Default |
+-------------------------------+----------------------+----------------------+

+-----------------------------------------------------------------------------+
| Processes:                                                       GPU Memory |
|  GPU       PID  Type  Process name                               Usage      |
|=============================================================================|
|    0      1034    G   /usr/lib/xorg/Xorg                             137MiB |
|    0      1470    G   compiz                                          43MiB |
+-----------------------------------------------------------------------------+
Sun Apr 23 23:12:08 2017
+-----------------------------------------------------------------------------+
| NVIDIA-SMI 375.39                 Driver Version: 375.39                    |
|-------------------------------+----------------------+----------------------+
| GPU  Name        Persistence-M| Bus-Id        Disp.A | Volatile Uncorr. ECC |
| Fan  Temp  Perf  Pwr:Usage/Cap|         Memory-Usage | GPU-Util  Compute M. |
|===============================+======================+======================|
|   0  Graphics Device     Off  | 0000:01:00.0      On |                  N/A |
| 23%   37C    P8    11W / 250W |    189MiB / 11171MiB |      0%      Default |
+-------------------------------+----------------------+----------------------+

+-----------------------------------------------------------------------------+
| Processes:                                                       GPU Memory |
|  GPU       PID  Type  Process name                               Usage      |
|=============================================================================|
|    0      1034    G   /usr/lib/xorg/Xorg                             137MiB |
|    0      1470    G   compiz                                          50MiB |
+-----------------------------------------------------------------------------+
Sun Apr 23 23:12:13 2017
+-----------------------------------------------------------------------------+
| NVIDIA-SMI 375.39                 Driver Version: 375.39                    |
|-------------------------------+----------------------+----------------------+
| GPU  Name        Persistence-M| Bus-Id        Disp.A | Volatile Uncorr. ECC |
| Fan  Temp  Perf  Pwr:Usage/Cap|         Memory-Usage | GPU-Util  Compute M. |
|===============================+======================+======================|
|   0  Graphics Device     Off  | 0000:01:00.0      On |                  N/A |
| 23%   38C    P2    56W / 250W |    378MiB / 11171MiB |      0%      Default |
+-------------------------------+----------------------+----------------------+

+-----------------------------------------------------------------------------+
| Processes:                                                       GPU Memory |
|  GPU       PID  Type  Process name                               Usage      |
|=============================================================================|
|    0      1034    G   /usr/lib/xorg/Xorg                             137MiB |
|    0      1470    G   compiz                                          50MiB |
|    0      2143    C   python                                         187MiB |
+-----------------------------------------------------------------------------+
Sun Apr 23 23:12:18 2017
+-----------------------------------------------------------------------------+
| NVIDIA-SMI 375.39                 Driver Version: 375.39                    |
|-------------------------------+----------------------+----------------------+
| GPU  Name        Persistence-M| Bus-Id        Disp.A | Volatile Uncorr. ECC |
| Fan  Temp  Perf  Pwr:Usage/Cap|         Memory-Usage | GPU-Util  Compute M. |
|===============================+======================+======================|
|   0  Graphics Device     Off  | 0000:01:00.0      On |                  N/A |
| 23%   39C    P2    56W / 250W |    371MiB / 11171MiB |      0%      Default |
+-------------------------------+----------------------+----------------------+

+-----------------------------------------------------------------------------+
| Processes:                                                       GPU Memory |
|  GPU       PID  Type  Process name                               Usage      |
|=============================================================================|
|    0      1034    G   /usr/lib/xorg/Xorg                             137MiB |
|    0      1470    G   compiz                                          43MiB |
|    0      2171    C   python                                         187MiB |
+-----------------------------------------------------------------------------+
Sun Apr 23 23:12:23 2017
+-----------------------------------------------------------------------------+
| NVIDIA-SMI 375.39                 Driver Version: 375.39                    |
|-------------------------------+----------------------+----------------------+
| GPU  Name        Persistence-M| Bus-Id        Disp.A | Volatile Uncorr. ECC |
| Fan  Temp  Perf  Pwr:Usage/Cap|         Memory-Usage | GPU-Util  Compute M. |
|===============================+======================+======================|
|   0  Graphics Device     Off  | 0000:01:00.0      On |                  N/A |
| 23%   40C    P2    57W / 250W |    337MiB / 11171MiB |      1%      Default |
+-------------------------------+----------------------+----------------------+

+-----------------------------------------------------------------------------+
| Processes:                                                       GPU Memory |
|  GPU       PID  Type  Process name                               Usage      |
|=============================================================================|
|    0      1034    G   /usr/lib/xorg/Xorg                             137MiB |
|    0      1470    G   compiz                                          43MiB |
|    0      2198    C   python                                         153MiB |
+-----------------------------------------------------------------------------+
Sun Apr 23 23:12:28 2017
+-----------------------------------------------------------------------------+
| NVIDIA-SMI 375.39                 Driver Version: 375.39                    |
|-------------------------------+----------------------+----------------------+
| GPU  Name        Persistence-M| Bus-Id        Disp.A | Volatile Uncorr. ECC |
| Fan  Temp  Perf  Pwr:Usage/Cap|         Memory-Usage | GPU-Util  Compute M. |
|===============================+======================+======================|
|   0  Graphics Device     Off  | 0000:01:00.0      On |                  N/A |
| 23%   41C    P0    60W / 250W |    182MiB / 11171MiB |      0%      Default |
+-------------------------------+----------------------+----------------------+

+-----------------------------------------------------------------------------+
| Processes:                                                       GPU Memory |
|  GPU       PID  Type  Process name                               Usage      |
|=============================================================================|
|    0      1034    G   /usr/lib/xorg/Xorg                             137MiB |
|    0      1470    G   compiz                                          43MiB |
+-----------------------------------------------------------------------------+
Sun Apr 23 23:12:33 2017
+-----------------------------------------------------------------------------+
| NVIDIA-SMI 375.39                 Driver Version: 375.39                    |
|-------------------------------+----------------------+----------------------+
| GPU  Name        Persistence-M| Bus-Id        Disp.A | Volatile Uncorr. ECC |
| Fan  Temp  Perf  Pwr:Usage/Cap|         Memory-Usage | GPU-Util  Compute M. |
|===============================+======================+======================|
|   0  Graphics Device     Off  | 0000:01:00.0      On |                  N/A |
| 23%   41C    P2    57W / 250W |    333MiB / 11171MiB |      0%      Default |
+-------------------------------+----------------------+----------------------+

+-----------------------------------------------------------------------------+
| Processes:                                                       GPU Memory |
|  GPU       PID  Type  Process name                               Usage      |
|=============================================================================|
|    0      1034    G   /usr/lib/xorg/Xorg                             137MiB |
|    0      1470    G   compiz                                          43MiB |
|    0      2225    C   python                                         149MiB |
+-----------------------------------------------------------------------------+
Sun Apr 23 23:12:38 2017
+-----------------------------------------------------------------------------+
| NVIDIA-SMI 375.39                 Driver Version: 375.39                    |
|-------------------------------+----------------------+----------------------+
| GPU  Name        Persistence-M| Bus-Id        Disp.A | Volatile Uncorr. ECC |
| Fan  Temp  Perf  Pwr:Usage/Cap|         Memory-Usage | GPU-Util  Compute M. |
|===============================+======================+======================|
|   0  Graphics Device     Off  | 0000:01:00.0      On |                  N/A |
| 23%   42C    P0    60W / 250W |    182MiB / 11171MiB |      0%      Default |
+-------------------------------+----------------------+----------------------+

+-----------------------------------------------------------------------------+
| Processes:                                                       GPU Memory |
|  GPU       PID  Type  Process name                               Usage      |
|=============================================================================|
|    0      1034    G   /usr/lib/xorg/Xorg                             137MiB |
|    0      1470    G   compiz                                          43MiB |
+-----------------------------------------------------------------------------+
Sun Apr 23 23:12:43 2017
+-----------------------------------------------------------------------------+
| NVIDIA-SMI 375.39                 Driver Version: 375.39                    |
|-------------------------------+----------------------+----------------------+
| GPU  Name        Persistence-M| Bus-Id        Disp.A | Volatile Uncorr. ECC |
| Fan  Temp  Perf  Pwr:Usage/Cap|         Memory-Usage | GPU-Util  Compute M. |
|===============================+======================+======================|
|   0  Graphics Device     Off  | 0000:01:00.0      On |                  N/A |
| 23%   43C    P2    57W / 250W |    357MiB / 11171MiB |      0%      Default |
+-------------------------------+----------------------+----------------------+

+-----------------------------------------------------------------------------+
| Processes:                                                       GPU Memory |
|  GPU       PID  Type  Process name                               Usage      |
|=============================================================================|
|    0      1034    G   /usr/lib/xorg/Xorg                             137MiB |
|    0      1470    G   compiz                                          43MiB |
|    0      2252    C   python                                         173MiB |
+-----------------------------------------------------------------------------+
Sun Apr 23 23:12:48 2017
+-----------------------------------------------------------------------------+
| NVIDIA-SMI 375.39                 Driver Version: 375.39                    |
|-------------------------------+----------------------+----------------------+
| GPU  Name        Persistence-M| Bus-Id        Disp.A | Volatile Uncorr. ECC |
| Fan  Temp  Perf  Pwr:Usage/Cap|         Memory-Usage | GPU-Util  Compute M. |
|===============================+======================+======================|
|   0  Graphics Device     Off  | 0000:01:00.0      On |                  N/A |
| 23%   44C    P0    60W / 250W |    189MiB / 11171MiB |      0%      Default |
+-------------------------------+----------------------+----------------------+

+-----------------------------------------------------------------------------+
| Processes:                                                       GPU Memory |
|  GPU       PID  Type  Process name                               Usage      |
|=============================================================================|
|    0      1034    G   /usr/lib/xorg/Xorg                             137MiB |
|    0      1470    G   compiz                                          50MiB |
+-----------------------------------------------------------------------------+
^Cdn-dom@dndom-desktop:~/Downloads/neural-networks-and-deep-learning/src$ nvidia-smi -pmon
Invalid combination of input arguments. Please run 'nvidia-smi -h' for help.

dn-dom@dndom-desktop:~/Downloads/neural-networks-and-deep-learning/src$ nvidia-smi -h
NVIDIA System Management Interface -- v375.39

NVSMI provides monitoring information for Tesla and select Quadro devices.
The data is presented in either a plain text or an XML format, via stdout or a file.
NVSMI also provides several management operations for changing the device state.

Note that the functionality of NVSMI is exposed through the NVML C-based
library. See the NVIDIA developer website for more information about NVML.
Python wrappers to NVML are also available.  The output of NVSMI is
not guaranteed to be backwards compatible; NVML and the bindings are backwards
compatible.

http://developer.nvidia.com/nvidia-management-library-nvml/
http://pypi.python.org/pypi/nvidia-ml-py/
Supported products:
- Full Support
    - All Tesla products, starting with the Fermi architecture
    - All Quadro products, starting with the Fermi architecture
    - All GRID products, starting with the Kepler architecture
    - GeForce Titan products, starting with the Kepler architecture
- Limited Support
    - All Geforce products, starting with the Fermi architecture
nvidia-smi [OPTION1 [ARG1]] [OPTION2 [ARG2]] ...

    -h,   --help                Print usage information and exit.

  LIST OPTIONS:

    -L,   --list-gpus           Display a list of GPUs connected to the system.

  SUMMARY OPTIONS:

    <no arguments>              Show a summary of GPUs connected to the system.

    [plus any of]

    -i,   --id=                 Target a specific GPU.
    -f,   --filename=           Log to a specified file, rather than to stdout.
    -l,   --loop=               Probe until Ctrl+C at specified second interval.

  QUERY OPTIONS:

    -q,   --query               Display GPU or Unit info.

    [plus any of]

    -u,   --unit                Show unit, rather than GPU, attributes.
    -i,   --id=                 Target a specific GPU or Unit.
    -f,   --filename=           Log to a specified file, rather than to stdout.
    -x,   --xml-format          Produce XML output.
          --dtd                 When showing xml output, embed DTD.
    -d,   --display=            Display only selected information: MEMORY,
                                    UTILIZATION, ECC, TEMPERATURE, POWER, CLOCK,
                                    COMPUTE, PIDS, PERFORMANCE, SUPPORTED_CLOCKS,
                                    PAGE_RETIREMENT, ACCOUNTING.
                                Flags can be combined with comma e.g. ECC,POWER.
                                Sampling data with max/min/avg is also returned
                                for POWER, UTILIZATION and CLOCK display types.
                                Doesn't work with -u or -x flags.
    -l,   --loop=               Probe until Ctrl+C at specified second interval.

    -lms, --loop-ms=            Probe until Ctrl+C at specified millisecond interval.

  SELECTIVE QUERY OPTIONS:

    Allows the caller to pass an explicit list of properties to query.

    [one of]

    --query-gpu=                Information about GPU.
                                Call --help-query-gpu for more info.
    --query-supported-clocks=   List of supported clocks.
                                Call --help-query-supported-clocks for more info.
    --query-compute-apps=       List of currently active compute processes.
                                Call --help-query-compute-apps for more info.
    --query-accounted-apps=     List of accounted compute processes.
                                Call --help-query-accounted-apps for more info.
    --query-retired-pages=      List of device memory pages that have been retired.
                                Call --help-query-retired-pages for more info.

    [mandatory]

    --format=                   Comma separated list of format options:
                                  csv - comma separated values (MANDATORY)
                                  noheader - skip the first line with column headers
                                  nounits - don't print units for numerical
                                             values

    [plus any of]

    -i,   --id=                 Target a specific GPU or Unit.
    -f,   --filename=           Log to a specified file, rather than to stdout.
    -l,   --loop=               Probe until Ctrl+C at specified second interval.
    -lms, --loop-ms=            Probe until Ctrl+C at specified millisecond interval.

  DEVICE MODIFICATION OPTIONS:

    [any one of]

    -pm,  --persistence-mode=   Set persistence mode: 0/DISABLED, 1/ENABLED
    -e,   --ecc-config=         Toggle ECC support: 0/DISABLED, 1/ENABLED
    -p,   --reset-ecc-errors=   Reset ECC error counts: 0/VOLATILE, 1/AGGREGATE
    -c,   --compute-mode=       Set MODE for compute applications:
                                0/DEFAULT, 1/EXCLUSIVE_PROCESS,
                                2/PROHIBITED
          --gom=                Set GPU Operation Mode:
                                    0/ALL_ON, 1/COMPUTE, 2/LOW_DP
    -r    --gpu-reset           Trigger reset of the GPU.
                                Can be used to reset the GPU HW state in situations
                                that would otherwise require a machine reboot.
                                Typically useful if a double bit ECC error has
                                occurred.
                                Reset operations are not guarenteed to work in
                                all cases and should be used with caution.
                                --id= switch is mandatory for this switch
    -vm   --virt-mode=          Switch GPU Virtualization Mode:
                                Sets GPU virtualization mode to 3/VGPU or 4/VSGA
                                Virtualization mode of a GPU can only be set when
                                it is running on a hypervisor.
    -ac   --applications-clocks= Specifies <memory,graphics> clocks as a
                                    pair (e.g. 2000,800) that defines GPU's
                                    speed in MHz while running applications on a GPU.
    -rac  --reset-applications-clocks
                                Resets the applications clocks to the default values.
    -acp  --applications-clocks-permission=
                                Toggles permission requirements for -ac and -rac commands:
                                0/UNRESTRICTED, 1/RESTRICTED
    -pl   --power-limit=        Specifies maximum power management limit in watts.
    -am   --accounting-mode=    Enable or disable Accounting Mode: 0/DISABLED, 1/ENABLED
    -caa  --clear-accounted-apps
                                Clears all the accounted PIDs in the buffer.
          --auto-boost-default= Set the default auto boost policy to 0/DISABLED
                                or 1/ENABLED, enforcing the change only after the
                                last boost client has exited.
          --auto-boost-permission=
                                Allow non-admin/root control over auto boost mode:
                                0/UNRESTRICTED, 1/RESTRICTED
   [plus optional]

    -i,   --id=                 Target a specific GPU.

  UNIT MODIFICATION OPTIONS:

    -t,   --toggle-led=         Set Unit LED state: 0/GREEN, 1/AMBER

   [plus optional]

    -i,   --id=                 Target a specific Unit.

  SHOW DTD OPTIONS:

          --dtd                 Print device DTD and exit.

     [plus optional]

    -f,   --filename=           Log to a specified file, rather than to stdout.
    -u,   --unit                Show unit, rather than device, DTD.

    --debug=                    Log encrypted debug information to a specified file.

 STATISTICS: (EXPERIMENTAL)
    stats                       Displays device statistics. "nvidia-smi stats -h" for more information.

 Device Monitoring:
    dmon                        Displays device stats in scrolling format.
                                "nvidia-smi dmon -h" for more information.

    daemon                      Runs in background and monitor devices as a daemon process.
                                This is an experimental feature.
                                "nvidia-smi daemon -h" for more information.

    replay                      Used to replay/extract the persistent stats generated by daemon.
                                This is an experimental feature.
                                "nvidia-smi replay -h" for more information.

 Process Monitoring:
    pmon                        Displays process stats in scrolling format.
                                "nvidia-smi pmon -h" for more information.

 TOPOLOGY:
    topo                        Displays device/system topology. "nvidia-smi topo -h" for more information.

 DRAIN STATES:
    drain                       Displays/modifies GPU drain states for power idling. "nvidia-smi drain -h" for more information.

 NVLINK:
    nvlink                      Displays device nvlink information. "nvidia-smi nvlink -h" for more information.

 CLOCKS:
    clocks                      Control and query clock information. "nvidia-smi clocks -h" for more information.

 GRID vGPU:
    vgpu                        Displays vGPU information. "nvidia-smi vgpu -h" for more information.

Please see the nvidia-smi(1) manual page for more detailed information.
dn-dom@dndom-desktop:~/Downloads/neural-networks-and-deep-learning/src$ nvidia-smi pmon
# gpu     pid  type    sm   mem   enc   dec   command
# Idx       #   C/G     %     %     %     %   name
    0    1034     G     0     0     0     0   Xorg
    0    1470     G     0     1     0     0   compiz
    0    1034     G     0     0     0     0   Xorg
    0    1470     G     0     1     0     0   compiz
    0    1034     G     0     0     0     0   Xorg
    0    1470     G     0     1     0     0   compiz
    0    1034     G     0     0     0     0   Xorg
    0    1470     G     0     0     0     0   compiz
    0    1034     G     0     0     0     0   Xorg
    0    1470     G     0     1     0     0   compiz
    0    1034     G     0     0     0     0   Xorg
    0    1470     G     0     1     0     0   compiz
    0    1034     G     0     0     0     0   Xorg
    0    1470     G     0     1     0     0   compiz
    0    1034     G     0     0     0     0   Xorg
    0    1470     G     0     1     0     0   compiz
    0    1034     G     0     0     0     0   Xorg
    0    1470     G     1     1     0     0   compiz
    0    1034     G     0     0     0     0   Xorg
    0    1470     G     1     1     0     0   compiz
    0    1034     G     0     0     0     0   Xorg
    0    1470     G     1     0     0     0   compiz
    0    1034     G     0     0     0     0   Xorg
    0    1470     G     1     1     0     0   compiz
    0    2291     C     0     0     0     0   python
    0    1034     G     0     0     0     0   Xorg
    0    1470     G     0     0     0     0   compiz
    0    2291     C     1     0     0     0   python
    0    1034     G     0     0     0     0   Xorg
    0    1470     G     0     0     0     0   compiz
    0    2291     C     0     0     0     0   python
    0    1034     G     0     0     0     0   Xorg
    0    1470     G     0     0     0     0   compiz
    0    2291     C     0     0     0     0   python
    0    1034     G     0     0     0     0   Xorg
    0    1470     G     0     0     0     0   compiz
    0    1034     G     0     0     0     0   Xorg
    0    1470     G     0     0     0     0   compiz
    0    1034     G     0     0     0     0   Xorg
    0    1470     G     0     0     0     0   compiz
    0    1034     G     0     0     0     0   Xorg
    0    1470     G     0     0     0     0   compiz
    0    1034     G     0     0     0     0   Xorg
    0    1470     G     0     0     0     0   compiz
# gpu     pid  type    sm   mem   enc   dec   command
# Idx       #   C/G     %     %     %     %   name
    0    1034     G     0     0     0     0   Xorg
    0    1470     G     0     0     0     0   compiz
    0    1034     G     0     0     0     0   Xorg
    0    1470     G     0     0     0     0   compiz
    0    1034     G     0     0     0     0   Xorg
    0    1470     G     0     0     0     0   compiz
    0    1034     G     0     0     0     0   Xorg
    0    1470     G     0     0     0     0   compiz
    0    1034     G     0     0     0     0   Xorg
    0    1470     G     0     0     0     0   compiz
    0    1034     G     0     0     0     0   Xorg
    0    1470     G     0     0     0     0   compiz
    0    1034     G     0     0     0     0   Xorg
    0    1470     G     0     1     0     0   compiz
    0    1034     G     0     0     0     0   Xorg
    0    1470     G     0     1     0     0   compiz
    0    1034     G     0     0     0     0   Xorg
    0    1470     G     1     1     0     0   compiz
    0    1034     G     0     0     0     0   Xorg
    0    1470     G     0     0     0     0   compiz
    0    2318     C     0     0     0     0   python
    0    1034     G     0     0     0     0   Xorg
    0    1470     G     0     0     0     0   compiz
    0    2318     C     0     0     0     0   python
    0    1034     G     0     0     0     0   Xorg
    0    1470     G     0     0     0     0   compiz
    0    2318     C     0     0     0     0   python
    0    1034     G     0     0     0     0   Xorg
    0    1470     G     0     0     0     0   compiz
    0    2318     C     0     0     0     0   python
    0    1034     G     0     0     0     0   Xorg
    0    1470     G     0     0     0     0   compiz
    0    1034     G     0     0     0     0   Xorg
    0    1470     G     0     0     0     0   compiz
    0    1034     G     0     0     0     0   Xorg
    0    1470     G     0     0     0     0   compiz
    0    1034     G     0     0     0     0   Xorg
    0    1470     G     0     0     0     0   compiz
    0    1034     G     0     0     0     0   Xorg
    0    1470     G     0     0     0     0   compiz
    0    1034     G     0     0     0     0   Xorg
    0    1470     G     0     0     0     0   compiz
    0    1034     G     0     0     0     0   Xorg
    0    1470     G     0     0     0     0   compiz
# gpu     pid  type    sm   mem   enc   dec   command
# Idx       #   C/G     %     %     %     %   name
    0    1034     G     0     0     0     0   Xorg
    0    1470     G     0     0     0     0   compiz
    0    1034     G     0     0     0     0   Xorg
    0    1470     G     0     0     0     0   compiz
    0    1034     G     0     0     0     0   Xorg
    0    1470     G     0     0     0     0   compiz
    0    1034     G     0     0     0     0   Xorg
    0    1470     G     0     0     0     0   compiz
    0    1034     G     0     0     0     0   Xorg
    0    1470     G     0     1     0     0   compiz
    0    1034     G     0     0     0     0   Xorg
    0    1470     G     0     0     0     0   compiz
    0    1034     G     0     0     0     0   Xorg
    0    1470     G     0     0     0     0   compiz
    0    1034     G     0     0     0     0   Xorg
    0    1470     G     0     1     0     0   compiz
    0    1034     G     0     0     0     0   Xorg
    0    1470     G     0     1     0     0   compiz
    0    1034     G     0     0     0     0   Xorg
    0    1470     G     0     1     0     0   compiz
    0    1034     G     0     0     0     0   Xorg
    0    1470     G     0     1     0     0   compiz
    0    1034     G     0     0     0     0   Xorg
    0    1470     G     0     1     0     0   compiz
    0    1034     G     0     0     0     0   Xorg
    0    1470     G     0     1     0     0   compiz
    0    1034     G     0     0     0     0   Xorg
    0    1470     G     0     1     0     0   compiz
    0    1034     G     0     0     0     0   Xorg
    0    1470     G     0     1     0     0   compiz
    0    1034     G     0     0     0     0   Xorg
    0    1470     G     0     1     0     0   compiz
    0    1034     G     0     0     0     0   Xorg
    0    1470     G     1     1     0     0   compiz
    0    1034     G     0     0     0     0   Xorg
    0    1470     G     0     1     0     0   compiz
    0    1034     G     0     0     0     0   Xorg
    0    1470     G     0     1     0     0   compiz
    0    1034     G     0     0     0     0   Xorg
    0    1470     G     0     0     0     0   compiz
    0    1034     G     0     0     0     0   Xorg
    0    1470     G     2     1     0     0   compiz
    0    1034     G     0     0     0     0   Xorg
    0    1470     G     0     1     0     0   compiz
^Cdn-dom@dndom-desktop:~/Downloads/neural-networks-and-deep-learning/src$
